// Jest Snapshot v1, https://goo.gl/fbAQLP

exports[`Loader renders properly 1`] = `
<div>
  <img
    alt="Loading..."
    height="200px"
    src="roundLoader.gif"
  />
</div>
`;
