// Jest Snapshot v1, https://goo.gl/fbAQLP

exports[`GlobalSummary renders properly 1`] = `
<section
  class="global-summary"
>
  <h1>
    Global Summary
  </h1>
  <div
    class="summary-items"
  >
    <div
      class="item"
    >
      <span
        class="label"
      >
        New Confirmed Cases
      </span>
      19,29,169
    </div>
    <div
      class="item"
    >
      <span
        class="label"
      >
        Total Confirmed Cases
      </span>
      40,01,78,665
    </div>
    <div
      class="item"
    >
      <span
        class="label"
      >
        New Deaths
      </span>
      9,389
    </div>
    <div
      class="item"
    >
      <span
        class="label"
      >
        Total Deaths
      </span>
      57,60,245
    </div>
    <div
      class="item"
    >
      <span
        class="label"
      >
        New Recovered Cases
      </span>
      0
    </div>
    <div
      class="item"
    >
      <span
        class="label"
      >
        Total Recovered Cases
      </span>
      0
    </div>
    <div
      class="item"
    >
      <span
        class="label"
      >
        Last Updated Time
      </span>
      09 Feb 2022, 10:19 PM
    </div>
  </div>
</section>
`;
